// Jest Snapshot v1, https://goo.gl/fbAQLP

exports[`Navigation Menu Unit Test View renders correctly without submenu 1`] = `
<NavigationMenuView
  Button={
    Object {
      "className": "ms-nav__list__item__button",
      "onClick": [MockFunction],
      "tag": "button",
    }
  }
  DivContainer={
    Object {
      "className": "ms-nav__feature",
      "role": "menu",
      "tag": "div",
    }
  }
  ImageContainer={
    Object {
      "className": "ms-nav__list__item__image",
    }
  }
  ImageDivContainer={
    Object {
      "className": "category-image",
      "role": "menu",
      "tag": "div",
    }
  }
  Link={
    Object {
      "className": "ms-nav__list__item__link",
      "onMouseEnter": [MockFunction],
      "onMouseLeave": [MockFunction],
      "tag": "a",
    }
  }
  ListItem={
    Object {
      "className": "ms-nav__list__item",
      "tag": "li",
    }
  }
  MenuList={
    Object {
      "className": "ms-nav__list",
      "tag": "ul",
    }
  }
  MobileBackButton={
    Object {
      "className": "ms-nav__list__mobile__container__button",
      "onClick": [MockFunction],
      "tag": "button",
    }
  }
  MobileDescriptionContainer={
    Object {
      "className": "ms-nav__list__mobile__container",
    }
  }
  MobileDescriptionLabel={
    Object {
      "className": "ms-nav__list__mobile__container__span",
      "tag": "span",
    }
  }
  Navigation={
    Object {
      "aria-label": "Menu",
      "className": "ms-nav",
      "moduleProps": Object {
        "app": Object {
          "config": Object {},
        },
        "config": Object {
          "className": "Mock-class2",
          "enableMultilevelMenu": true,
          "enabletopMenu": true,
        },
        "context": Object {
          "actionContext": Object {
            "chainAction": [Function],
            "get": [Function],
            "getAll": [Function],
            "requestContext": Object {
              "apiSettings": Object {
                "baseImageUrl": "https://cms-ppe-imageresizer-mr.trafficmanager.net/cms/api/fabrikamsb/imageFileData/search?fileName=/",
                "baseUrl": "mockBaseUrl",
                "catalogId": 2,
                "channelId": 1,
                "eCommerceChannelId": "",
                "oun": "mockOUN",
                "ratingsReviewsEndpoint": "",
                "retailServerProxyVersion": "9.0.0",
                "rnr": Object {
                  "id": "",
                  "proxyUrl": "",
                  "url": "",
                },
              },
              "app": Object {},
              "canonicalDomain": "contoso.com",
              "canonicalUrl": "https://contoso.com",
              "cookies": Object {
                "deleteConsentCookie": [Function],
                "get": [Function],
                "getAccountSelectionCookie": [Function],
                "getCartCookie": [Function],
                "getCheckoutCartCookie": [Function],
                "getTargetIdCookie": [Function],
                "isConsentGiven": [Function],
                "remove": [Function],
                "removeAccountSelectionCookie": [Function],
                "removeCheckoutCartCookie": [Function],
                "set": [Function],
                "setAccountSelectionCookie": [Function],
                "setCartCookie": [Function],
                "setCheckoutCartCookie": [Function],
                "setConsentCookie": [Function],
              },
              "device": Object {
                "Type": "pc",
              },
              "features": Object {},
              "gridSettings": Object {
                "lg": Object {
                  "w": 1600,
                },
                "md": Object {
                  "w": 1200,
                },
                "sm": Object {
                  "w": 992,
                },
                "xl": Object {
                  "w": 1800,
                },
                "xs": Object {
                  "w": 768,
                },
              },
              "headers": Object {},
              "locale": "en-us",
              "operationId": "mockOperationId",
              "pageData": Object {},
              "params": Object {
                "concatJs": Object {
                  "hasValue": false,
                  "isTruthy": false,
                  "value": undefined,
                },
                "isDebug": false,
                "isEditor": false,
                "isPerfAnalysis": false,
                "isPreview": false,
                "theme": "",
              },
              "sessionStorage": Object {
                "getCheckoutCartData": [Function],
                "getDataFromStorage": [Function],
                "removeCheckoutCartData": [Function],
                "removeDataFromStorage": [Function],
                "setCheckoutCartData": [Function],
                "setDataInStorage": [Function],
              },
              "siteStylePreset": "",
              "siteTheme": "default",
              "telemetryData": Object {
                "Checkout": Array [
                  Object {
                    "Products": Array [
                      Object {
                        "productCategoryId": "9754",
                        "productCategoryName": "Sunglasses",
                        "productChannelId": 18629762,
                        "productChannelName": "store",
                        "productCurrency": "USD",
                        "productId": "970374",
                        "productName": "Aviator",
                        "productPrice": 120,
                        "productQuantity": 1,
                        "productSku": "special",
                      },
                    ],
                    "cartId": "097504969642348742",
                    "cartVersion": "12432",
                    "orderId": "",
                  },
                ],
                "ProductPageView": Object {
                  "productCategoryId": "",
                  "productCategoryName": "",
                  "productChannelId": 18629762,
                  "productChannelName": "",
                  "productCurrency": "",
                  "productId": "08439484",
                  "productName": "Awesome Tie",
                  "productPrice": 98,
                  "productQuantity": "",
                  "productSku": "",
                },
              },
              "telemetrySettings": Object {
                "environmentId": "Development",
                "eventHubAuthToken": "",
                "eventHubEndPoint": "",
                "instrumentationKey": "",
                "operationId": "mockOperationId",
                "operationalInsightsInstrumentationKey": "",
                "optOutWebActivityTracking": false,
              },
              "textDirection": "ltr",
              "themeOverride": Object {
                "disableDefault": false,
                "url": "",
              },
              "url": Object {
                "requestUrl": "https://contoso.com/",
                "staticCdnUrl": "string",
              },
              "urlTokens": Object {},
              "user": Object {
                "isAuthenticated": false,
                "isB2b": true,
                "optOutWebActivityTracking": false,
                "token": "mockToken",
              },
            },
            "runAllActionsInQueue": [Function],
            "telemetry": Object {
              "critical": [Function],
              "debug": [Function],
              "error": [Function],
              "exception": [Function],
              "information": [Function],
              "log": [Function],
              "logEvent": [Function],
              "setTelemetryAttribute": [Function],
              "setTelemetryModuleContext": [Function],
              "setTelemetryRequestContext": [Function],
              "trace": [Function],
              "trackDependency": [Function],
              "trackEvent": [Function],
              "trackMetric": [Function],
              "warning": [Function],
            },
            "trace": [Function],
            "update": [Function],
          },
          "app": Object {},
          "cultureFormatter": CultureInfoFormatter {
            "currencyCode": "USD",
            "dateFormatterConstructor": [Function],
            "formatCurrency": [Function],
            "formatDate": [Function],
            "formatNumber": [Function],
            "formatTime": [Function],
            "locale": "en-us",
            "numFormatterConstructor": [Function],
            "queryString": undefined,
          },
          "request": Object {
            "apiSettings": Object {
              "baseImageUrl": "https://cms-ppe-imageresizer-mr.trafficmanager.net/cms/api/fabrikamsb/imageFileData/search?fileName=/",
              "baseUrl": "mockBaseUrl",
              "catalogId": 2,
              "channelId": 1,
              "eCommerceChannelId": "",
              "oun": "mockOUN",
              "ratingsReviewsEndpoint": "",
              "retailServerProxyVersion": "9.0.0",
              "rnr": Object {
                "id": "",
                "proxyUrl": "",
                "url": "",
              },
            },
            "app": Object {},
            "canonicalDomain": "contoso.com",
            "canonicalUrl": "https://contoso.com",
            "cookies": Object {
              "deleteConsentCookie": [Function],
              "get": [Function],
              "getAccountSelectionCookie": [Function],
              "getCartCookie": [Function],
              "getCheckoutCartCookie": [Function],
              "getTargetIdCookie": [Function],
              "isConsentGiven": [Function],
              "remove": [Function],
              "removeAccountSelectionCookie": [Function],
              "removeCheckoutCartCookie": [Function],
              "set": [Function],
              "setAccountSelectionCookie": [Function],
              "setCartCookie": [Function],
              "setCheckoutCartCookie": [Function],
              "setConsentCookie": [Function],
            },
            "device": Object {
              "Type": "pc",
            },
            "features": Object {},
            "gridSettings": Object {
              "lg": Object {
                "w": 1600,
              },
              "md": Object {
                "w": 1200,
              },
              "sm": Object {
                "w": 992,
              },
              "xl": Object {
                "w": 1800,
              },
              "xs": Object {
                "w": 768,
              },
            },
            "headers": Object {},
            "locale": "en-us",
            "operationId": "mockOperationId",
            "pageData": Object {},
            "params": Object {
              "concatJs": Object {
                "hasValue": false,
                "isTruthy": false,
                "value": undefined,
              },
              "isDebug": false,
              "isEditor": false,
              "isPerfAnalysis": false,
              "isPreview": false,
              "theme": "",
            },
            "sessionStorage": Object {
              "getCheckoutCartData": [Function],
              "getDataFromStorage": [Function],
              "removeCheckoutCartData": [Function],
              "removeDataFromStorage": [Function],
              "setCheckoutCartData": [Function],
              "setDataInStorage": [Function],
            },
            "siteStylePreset": "",
            "siteTheme": "default",
            "telemetryData": Object {
              "Checkout": Array [
                Object {
                  "Products": Array [
                    Object {
                      "productCategoryId": "9754",
                      "productCategoryName": "Sunglasses",
                      "productChannelId": 18629762,
                      "productChannelName": "store",
                      "productCurrency": "USD",
                      "productId": "970374",
                      "productName": "Aviator",
                      "productPrice": 120,
                      "productQuantity": 1,
                      "productSku": "special",
                    },
                  ],
                  "cartId": "097504969642348742",
                  "cartVersion": "12432",
                  "orderId": "",
                },
              ],
              "ProductPageView": Object {
                "productCategoryId": "",
                "productCategoryName": "",
                "productChannelId": 18629762,
                "productChannelName": "",
                "productCurrency": "",
                "productId": "08439484",
                "productName": "Awesome Tie",
                "productPrice": 98,
                "productQuantity": "",
                "productSku": "",
              },
            },
            "telemetrySettings": Object {
              "environmentId": "Development",
              "eventHubAuthToken": "",
              "eventHubEndPoint": "",
              "instrumentationKey": "",
              "operationId": "mockOperationId",
              "operationalInsightsInstrumentationKey": "",
              "optOutWebActivityTracking": false,
            },
            "textDirection": "ltr",
            "themeOverride": Object {
              "disableDefault": false,
              "url": "",
            },
            "url": Object {
              "requestUrl": "https://contoso.com/",
              "staticCdnUrl": "string",
            },
            "urlTokens": Object {},
            "user": Object {
              "isAuthenticated": false,
              "isB2b": true,
              "optOutWebActivityTracking": false,
              "token": "mockToken",
            },
          },
          "telemetry": Object {
            "critical": [Function],
            "debug": [Function],
            "error": [Function],
            "exception": [Function],
            "information": [Function],
            "log": [Function],
            "logEvent": [Function],
            "setTelemetryAttribute": [Function],
            "setTelemetryModuleContext": [Function],
            "setTelemetryRequestContext": [Function],
            "trace": [Function],
            "trackDependency": [Function],
            "trackEvent": [Function],
            "trackMetric": [Function],
            "warning": [Function],
          },
        },
        "data": Object {},
        "dataActions": Object {},
        "friendlyName": "Mock Id",
        "id": "mock-id",
        "renderModuleAttributes": [Function],
        "renderView": [Function],
        "telemetry": Object {
          "critical": [Function],
          "debug": [Function],
          "error": [Function],
          "exception": [Function],
          "information": [Function],
          "log": [Function],
          "logEvent": [Function],
          "setTelemetryAttribute": [Function],
          "setTelemetryModuleContext": [Function],
          "setTelemetryRequestContext": [Function],
          "trace": [Function],
          "trackDependency": [Function],
          "trackEvent": [Function],
          "trackMetric": [Function],
          "warning": [Function],
        },
        "typeName": "mock-type",
      },
      "role": "navigation",
      "tag": "nav",
    }
  }
  Span={
    Object {
      "className": "ms-nav__list__item__span",
      "tag": "span",
    }
  }
  app={
    Object {
      "config": Object {},
    }
  }
  className="Mock-class"
  config={
    Object {
      "className": "Mock-class2",
      "enableMultilevelMenu": true,
      "enabletopMenu": true,
    }
  }
  context={
    Object {
      "actionContext": Object {
        "chainAction": [Function],
        "get": [Function],
        "getAll": [Function],
        "requestContext": Object {
          "apiSettings": Object {
            "baseImageUrl": "https://cms-ppe-imageresizer-mr.trafficmanager.net/cms/api/fabrikamsb/imageFileData/search?fileName=/",
            "baseUrl": "mockBaseUrl",
            "catalogId": 2,
            "channelId": 1,
            "eCommerceChannelId": "",
            "oun": "mockOUN",
            "ratingsReviewsEndpoint": "",
            "retailServerProxyVersion": "9.0.0",
            "rnr": Object {
              "id": "",
              "proxyUrl": "",
              "url": "",
            },
          },
          "app": Object {},
          "canonicalDomain": "contoso.com",
          "canonicalUrl": "https://contoso.com",
          "cookies": Object {
            "deleteConsentCookie": [Function],
            "get": [Function],
            "getAccountSelectionCookie": [Function],
            "getCartCookie": [Function],
            "getCheckoutCartCookie": [Function],
            "getTargetIdCookie": [Function],
            "isConsentGiven": [Function],
            "remove": [Function],
            "removeAccountSelectionCookie": [Function],
            "removeCheckoutCartCookie": [Function],
            "set": [Function],
            "setAccountSelectionCookie": [Function],
            "setCartCookie": [Function],
            "setCheckoutCartCookie": [Function],
            "setConsentCookie": [Function],
          },
          "device": Object {
            "Type": "pc",
          },
          "features": Object {},
          "gridSettings": Object {
            "lg": Object {
              "w": 1600,
            },
            "md": Object {
              "w": 1200,
            },
            "sm": Object {
              "w": 992,
            },
            "xl": Object {
              "w": 1800,
            },
            "xs": Object {
              "w": 768,
            },
          },
          "headers": Object {},
          "locale": "en-us",
          "operationId": "mockOperationId",
          "pageData": Object {},
          "params": Object {
            "concatJs": Object {
              "hasValue": false,
              "isTruthy": false,
              "value": undefined,
            },
            "isDebug": false,
            "isEditor": false,
            "isPerfAnalysis": false,
            "isPreview": false,
            "theme": "",
          },
          "sessionStorage": Object {
            "getCheckoutCartData": [Function],
            "getDataFromStorage": [Function],
            "removeCheckoutCartData": [Function],
            "removeDataFromStorage": [Function],
            "setCheckoutCartData": [Function],
            "setDataInStorage": [Function],
          },
          "siteStylePreset": "",
          "siteTheme": "default",
          "telemetryData": Object {
            "Checkout": Array [
              Object {
                "Products": Array [
                  Object {
                    "productCategoryId": "9754",
                    "productCategoryName": "Sunglasses",
                    "productChannelId": 18629762,
                    "productChannelName": "store",
                    "productCurrency": "USD",
                    "productId": "970374",
                    "productName": "Aviator",
                    "productPrice": 120,
                    "productQuantity": 1,
                    "productSku": "special",
                  },
                ],
                "cartId": "097504969642348742",
                "cartVersion": "12432",
                "orderId": "",
              },
            ],
            "ProductPageView": Object {
              "productCategoryId": "",
              "productCategoryName": "",
              "productChannelId": 18629762,
              "productChannelName": "",
              "productCurrency": "",
              "productId": "08439484",
              "productName": "Awesome Tie",
              "productPrice": 98,
              "productQuantity": "",
              "productSku": "",
            },
          },
          "telemetrySettings": Object {
            "environmentId": "Development",
            "eventHubAuthToken": "",
            "eventHubEndPoint": "",
            "instrumentationKey": "",
            "operationId": "mockOperationId",
            "operationalInsightsInstrumentationKey": "",
            "optOutWebActivityTracking": false,
          },
          "textDirection": "ltr",
          "themeOverride": Object {
            "disableDefault": false,
            "url": "",
          },
          "url": Object {
            "requestUrl": "https://contoso.com/",
            "staticCdnUrl": "string",
          },
          "urlTokens": Object {},
          "user": Object {
            "isAuthenticated": false,
            "isB2b": true,
            "optOutWebActivityTracking": false,
            "token": "mockToken",
          },
        },
        "runAllActionsInQueue": [Function],
        "telemetry": Object {
          "critical": [Function],
          "debug": [Function],
          "error": [Function],
          "exception": [Function],
          "information": [Function],
          "log": [Function],
          "logEvent": [Function],
          "setTelemetryAttribute": [Function],
          "setTelemetryModuleContext": [Function],
          "setTelemetryRequestContext": [Function],
          "trace": [Function],
          "trackDependency": [Function],
          "trackEvent": [Function],
          "trackMetric": [Function],
          "warning": [Function],
        },
        "trace": [Function],
        "update": [Function],
      },
      "app": Object {},
      "cultureFormatter": CultureInfoFormatter {
        "currencyCode": "USD",
        "dateFormatterConstructor": [Function],
        "formatCurrency": [Function],
        "formatDate": [Function],
        "formatNumber": [Function],
        "formatTime": [Function],
        "locale": "en-us",
        "numFormatterConstructor": [Function],
        "queryString": undefined,
      },
      "request": Object {
        "apiSettings": Object {
          "baseImageUrl": "https://cms-ppe-imageresizer-mr.trafficmanager.net/cms/api/fabrikamsb/imageFileData/search?fileName=/",
          "baseUrl": "mockBaseUrl",
          "catalogId": 2,
          "channelId": 1,
          "eCommerceChannelId": "",
          "oun": "mockOUN",
          "ratingsReviewsEndpoint": "",
          "retailServerProxyVersion": "9.0.0",
          "rnr": Object {
            "id": "",
            "proxyUrl": "",
            "url": "",
          },
        },
        "app": Object {},
        "canonicalDomain": "contoso.com",
        "canonicalUrl": "https://contoso.com",
        "cookies": Object {
          "deleteConsentCookie": [Function],
          "get": [Function],
          "getAccountSelectionCookie": [Function],
          "getCartCookie": [Function],
          "getCheckoutCartCookie": [Function],
          "getTargetIdCookie": [Function],
          "isConsentGiven": [Function],
          "remove": [Function],
          "removeAccountSelectionCookie": [Function],
          "removeCheckoutCartCookie": [Function],
          "set": [Function],
          "setAccountSelectionCookie": [Function],
          "setCartCookie": [Function],
          "setCheckoutCartCookie": [Function],
          "setConsentCookie": [Function],
        },
        "device": Object {
          "Type": "pc",
        },
        "features": Object {},
        "gridSettings": Object {
          "lg": Object {
            "w": 1600,
          },
          "md": Object {
            "w": 1200,
          },
          "sm": Object {
            "w": 992,
          },
          "xl": Object {
            "w": 1800,
          },
          "xs": Object {
            "w": 768,
          },
        },
        "headers": Object {},
        "locale": "en-us",
        "operationId": "mockOperationId",
        "pageData": Object {},
        "params": Object {
          "concatJs": Object {
            "hasValue": false,
            "isTruthy": false,
            "value": undefined,
          },
          "isDebug": false,
          "isEditor": false,
          "isPerfAnalysis": false,
          "isPreview": false,
          "theme": "",
        },
        "sessionStorage": Object {
          "getCheckoutCartData": [Function],
          "getDataFromStorage": [Function],
          "removeCheckoutCartData": [Function],
          "removeDataFromStorage": [Function],
          "setCheckoutCartData": [Function],
          "setDataInStorage": [Function],
        },
        "siteStylePreset": "",
        "siteTheme": "default",
        "telemetryData": Object {
          "Checkout": Array [
            Object {
              "Products": Array [
                Object {
                  "productCategoryId": "9754",
                  "productCategoryName": "Sunglasses",
                  "productChannelId": 18629762,
                  "productChannelName": "store",
                  "productCurrency": "USD",
                  "productId": "970374",
                  "productName": "Aviator",
                  "productPrice": 120,
                  "productQuantity": 1,
                  "productSku": "special",
                },
              ],
              "cartId": "097504969642348742",
              "cartVersion": "12432",
              "orderId": "",
            },
          ],
          "ProductPageView": Object {
            "productCategoryId": "",
            "productCategoryName": "",
            "productChannelId": 18629762,
            "productChannelName": "",
            "productCurrency": "",
            "productId": "08439484",
            "productName": "Awesome Tie",
            "productPrice": 98,
            "productQuantity": "",
            "productSku": "",
          },
        },
        "telemetrySettings": Object {
          "environmentId": "Development",
          "eventHubAuthToken": "",
          "eventHubEndPoint": "",
          "instrumentationKey": "",
          "operationId": "mockOperationId",
          "operationalInsightsInstrumentationKey": "",
          "optOutWebActivityTracking": false,
        },
        "textDirection": "ltr",
        "themeOverride": Object {
          "disableDefault": false,
          "url": "",
        },
        "url": Object {
          "requestUrl": "https://contoso.com/",
          "staticCdnUrl": "string",
        },
        "urlTokens": Object {},
        "user": Object {
          "isAuthenticated": false,
          "isB2b": true,
          "optOutWebActivityTracking": false,
          "token": "mockToken",
        },
      },
      "telemetry": Object {
        "critical": [Function],
        "debug": [Function],
        "error": [Function],
        "exception": [Function],
        "information": [Function],
        "log": [Function],
        "logEvent": [Function],
        "setTelemetryAttribute": [Function],
        "setTelemetryModuleContext": [Function],
        "setTelemetryRequestContext": [Function],
        "trace": [Function],
        "trackDependency": [Function],
        "trackEvent": [Function],
        "trackMetric": [Function],
        "warning": [Function],
      },
    }
  }
  data={Object {}}
  dataActions={Object {}}
  friendlyName="Mock Id"
  id="mock-test"
  isMobileView={false}
  menuItemData={
    Array [
      Object {
        "id": 2,
        "imageSource": "abc/xyz.png",
        "linkText": "main-menu-mock",
        "linkURL": "https://xyz.com",
      },
      Object {
        "id": 2,
        "imageSource": "abc/xyz.png",
        "linkText": "main-menu-mock",
        "linkURL": "https://xyz.com",
      },
    ]
  }
  renderModuleAttributes={[Function]}
  renderView={[Function]}
  showCategoryImage={true}
  showPromotionalContent={true}
  telemetry={
    Object {
      "critical": [Function],
      "debug": [Function],
      "error": [Function],
      "exception": [Function],
      "information": [Function],
      "log": [Function],
      "logEvent": [Function],
      "setTelemetryAttribute": [Function],
      "setTelemetryModuleContext": [Function],
      "setTelemetryRequestContext": [Function],
      "trace": [Function],
      "trackDependency": [Function],
      "trackEvent": [Function],
      "trackMetric": [Function],
      "warning": [Function],
    }
  }
  typeName="mock-type"
>
  <Component
    aria-label="Menu"
    className="ms-nav"
    moduleProps={
      Object {
        "app": Object {
          "config": Object {},
        },
        "config": Object {
          "className": "Mock-class2",
          "enableMultilevelMenu": true,
          "enabletopMenu": true,
        },
        "context": Object {
          "actionContext": Object {
            "chainAction": [Function],
            "get": [Function],
            "getAll": [Function],
            "requestContext": Object {
              "apiSettings": Object {
                "baseImageUrl": "https://cms-ppe-imageresizer-mr.trafficmanager.net/cms/api/fabrikamsb/imageFileData/search?fileName=/",
                "baseUrl": "mockBaseUrl",
                "catalogId": 2,
                "channelId": 1,
                "eCommerceChannelId": "",
                "oun": "mockOUN",
                "ratingsReviewsEndpoint": "",
                "retailServerProxyVersion": "9.0.0",
                "rnr": Object {
                  "id": "",
                  "proxyUrl": "",
                  "url": "",
                },
              },
              "app": Object {},
              "canonicalDomain": "contoso.com",
              "canonicalUrl": "https://contoso.com",
              "cookies": Object {
                "deleteConsentCookie": [Function],
                "get": [Function],
                "getAccountSelectionCookie": [Function],
                "getCartCookie": [Function],
                "getCheckoutCartCookie": [Function],
                "getTargetIdCookie": [Function],
                "isConsentGiven": [Function],
                "remove": [Function],
                "removeAccountSelectionCookie": [Function],
                "removeCheckoutCartCookie": [Function],
                "set": [Function],
                "setAccountSelectionCookie": [Function],
                "setCartCookie": [Function],
                "setCheckoutCartCookie": [Function],
                "setConsentCookie": [Function],
              },
              "device": Object {
                "Type": "pc",
              },
              "features": Object {},
              "gridSettings": Object {
                "lg": Object {
                  "w": 1600,
                },
                "md": Object {
                  "w": 1200,
                },
                "sm": Object {
                  "w": 992,
                },
                "xl": Object {
                  "w": 1800,
                },
                "xs": Object {
                  "w": 768,
                },
              },
              "headers": Object {},
              "locale": "en-us",
              "operationId": "mockOperationId",
              "pageData": Object {},
              "params": Object {
                "concatJs": Object {
                  "hasValue": false,
                  "isTruthy": false,
                  "value": undefined,
                },
                "isDebug": false,
                "isEditor": false,
                "isPerfAnalysis": false,
                "isPreview": false,
                "theme": "",
              },
              "sessionStorage": Object {
                "getCheckoutCartData": [Function],
                "getDataFromStorage": [Function],
                "removeCheckoutCartData": [Function],
                "removeDataFromStorage": [Function],
                "setCheckoutCartData": [Function],
                "setDataInStorage": [Function],
              },
              "siteStylePreset": "",
              "siteTheme": "default",
              "telemetryData": Object {
                "Checkout": Array [
                  Object {
                    "Products": Array [
                      Object {
                        "productCategoryId": "9754",
                        "productCategoryName": "Sunglasses",
                        "productChannelId": 18629762,
                        "productChannelName": "store",
                        "productCurrency": "USD",
                        "productId": "970374",
                        "productName": "Aviator",
                        "productPrice": 120,
                        "productQuantity": 1,
                        "productSku": "special",
                      },
                    ],
                    "cartId": "097504969642348742",
                    "cartVersion": "12432",
                    "orderId": "",
                  },
                ],
                "ProductPageView": Object {
                  "productCategoryId": "",
                  "productCategoryName": "",
                  "productChannelId": 18629762,
                  "productChannelName": "",
                  "productCurrency": "",
                  "productId": "08439484",
                  "productName": "Awesome Tie",
                  "productPrice": 98,
                  "productQuantity": "",
                  "productSku": "",
                },
              },
              "telemetrySettings": Object {
                "environmentId": "Development",
                "eventHubAuthToken": "",
                "eventHubEndPoint": "",
                "instrumentationKey": "",
                "operationId": "mockOperationId",
                "operationalInsightsInstrumentationKey": "",
                "optOutWebActivityTracking": false,
              },
              "textDirection": "ltr",
              "themeOverride": Object {
                "disableDefault": false,
                "url": "",
              },
              "url": Object {
                "requestUrl": "https://contoso.com/",
                "staticCdnUrl": "string",
              },
              "urlTokens": Object {},
              "user": Object {
                "isAuthenticated": false,
                "isB2b": true,
                "optOutWebActivityTracking": false,
                "token": "mockToken",
              },
            },
            "runAllActionsInQueue": [Function],
            "telemetry": Object {
              "critical": [Function],
              "debug": [Function],
              "error": [Function],
              "exception": [Function],
              "information": [Function],
              "log": [Function],
              "logEvent": [Function],
              "setTelemetryAttribute": [Function],
              "setTelemetryModuleContext": [Function],
              "setTelemetryRequestContext": [Function],
              "trace": [Function],
              "trackDependency": [Function],
              "trackEvent": [Function],
              "trackMetric": [Function],
              "warning": [Function],
            },
            "trace": [Function],
            "update": [Function],
          },
          "app": Object {},
          "cultureFormatter": CultureInfoFormatter {
            "currencyCode": "USD",
            "dateFormatterConstructor": [Function],
            "formatCurrency": [Function],
            "formatDate": [Function],
            "formatNumber": [Function],
            "formatTime": [Function],
            "locale": "en-us",
            "numFormatterConstructor": [Function],
            "queryString": undefined,
          },
          "request": Object {
            "apiSettings": Object {
              "baseImageUrl": "https://cms-ppe-imageresizer-mr.trafficmanager.net/cms/api/fabrikamsb/imageFileData/search?fileName=/",
              "baseUrl": "mockBaseUrl",
              "catalogId": 2,
              "channelId": 1,
              "eCommerceChannelId": "",
              "oun": "mockOUN",
              "ratingsReviewsEndpoint": "",
              "retailServerProxyVersion": "9.0.0",
              "rnr": Object {
                "id": "",
                "proxyUrl": "",
                "url": "",
              },
            },
            "app": Object {},
            "canonicalDomain": "contoso.com",
            "canonicalUrl": "https://contoso.com",
            "cookies": Object {
              "deleteConsentCookie": [Function],
              "get": [Function],
              "getAccountSelectionCookie": [Function],
              "getCartCookie": [Function],
              "getCheckoutCartCookie": [Function],
              "getTargetIdCookie": [Function],
              "isConsentGiven": [Function],
              "remove": [Function],
              "removeAccountSelectionCookie": [Function],
              "removeCheckoutCartCookie": [Function],
              "set": [Function],
              "setAccountSelectionCookie": [Function],
              "setCartCookie": [Function],
              "setCheckoutCartCookie": [Function],
              "setConsentCookie": [Function],
            },
            "device": Object {
              "Type": "pc",
            },
            "features": Object {},
            "gridSettings": Object {
              "lg": Object {
                "w": 1600,
              },
              "md": Object {
                "w": 1200,
              },
              "sm": Object {
                "w": 992,
              },
              "xl": Object {
                "w": 1800,
              },
              "xs": Object {
                "w": 768,
              },
            },
            "headers": Object {},
            "locale": "en-us",
            "operationId": "mockOperationId",
            "pageData": Object {},
            "params": Object {
              "concatJs": Object {
                "hasValue": false,
                "isTruthy": false,
                "value": undefined,
              },
              "isDebug": false,
              "isEditor": false,
              "isPerfAnalysis": false,
              "isPreview": false,
              "theme": "",
            },
            "sessionStorage": Object {
              "getCheckoutCartData": [Function],
              "getDataFromStorage": [Function],
              "removeCheckoutCartData": [Function],
              "removeDataFromStorage": [Function],
              "setCheckoutCartData": [Function],
              "setDataInStorage": [Function],
            },
            "siteStylePreset": "",
            "siteTheme": "default",
            "telemetryData": Object {
              "Checkout": Array [
                Object {
                  "Products": Array [
                    Object {
                      "productCategoryId": "9754",
                      "productCategoryName": "Sunglasses",
                      "productChannelId": 18629762,
                      "productChannelName": "store",
                      "productCurrency": "USD",
                      "productId": "970374",
                      "productName": "Aviator",
                      "productPrice": 120,
                      "productQuantity": 1,
                      "productSku": "special",
                    },
                  ],
                  "cartId": "097504969642348742",
                  "cartVersion": "12432",
                  "orderId": "",
                },
              ],
              "ProductPageView": Object {
                "productCategoryId": "",
                "productCategoryName": "",
                "productChannelId": 18629762,
                "productChannelName": "",
                "productCurrency": "",
                "productId": "08439484",
                "productName": "Awesome Tie",
                "productPrice": 98,
                "productQuantity": "",
                "productSku": "",
              },
            },
            "telemetrySettings": Object {
              "environmentId": "Development",
              "eventHubAuthToken": "",
              "eventHubEndPoint": "",
              "instrumentationKey": "",
              "operationId": "mockOperationId",
              "operationalInsightsInstrumentationKey": "",
              "optOutWebActivityTracking": false,
            },
            "textDirection": "ltr",
            "themeOverride": Object {
              "disableDefault": false,
              "url": "",
            },
            "url": Object {
              "requestUrl": "https://contoso.com/",
              "staticCdnUrl": "string",
            },
            "urlTokens": Object {},
            "user": Object {
              "isAuthenticated": false,
              "isB2b": true,
              "optOutWebActivityTracking": false,
              "token": "mockToken",
            },
          },
          "telemetry": Object {
            "critical": [Function],
            "debug": [Function],
            "error": [Function],
            "exception": [Function],
            "information": [Function],
            "log": [Function],
            "logEvent": [Function],
            "setTelemetryAttribute": [Function],
            "setTelemetryModuleContext": [Function],
            "setTelemetryRequestContext": [Function],
            "trace": [Function],
            "trackDependency": [Function],
            "trackEvent": [Function],
            "trackMetric": [Function],
            "warning": [Function],
          },
        },
        "data": Object {},
        "dataActions": Object {},
        "friendlyName": "Mock Id",
        "id": "mock-id",
        "renderModuleAttributes": [Function],
        "renderView": [Function],
        "telemetry": Object {
          "critical": [Function],
          "debug": [Function],
          "error": [Function],
          "exception": [Function],
          "information": [Function],
          "log": [Function],
          "logEvent": [Function],
          "setTelemetryAttribute": [Function],
          "setTelemetryModuleContext": [Function],
          "setTelemetryRequestContext": [Function],
          "trace": [Function],
          "trackDependency": [Function],
          "trackEvent": [Function],
          "trackMetric": [Function],
          "warning": [Function],
        },
        "typeName": "mock-type",
      }
    }
    role="navigation"
    tag="nav"
  >
    <nav
      aria-label="Menu"
      className="ms-nav"
      data-m-t="mock-type"
      id=""
      role="navigation"
    >
      <ForwardRef
        className="ms-nav__list"
        tabIndex="-1"
        tag="ul"
      >
        <ul
          className="ms-nav__list"
          tabIndex="-1"
        >
          <ForwardRef
            className="ms-nav__list__item"
            key="0"
            tag="li"
          >
            <li
              className="ms-nav__list__item"
            >
              <ForwardRef
                className="ms-nav__list__item__link"
                data-bi-id="12345"
                data-m="{\\"id\\":\\"12345\\",\\"key1\\":\\"val1\\"}\\""
                href="https://xyz.com"
                key="2"
                onClick={[Function]}
                onFocus={[Function]}
                onMouseEnter={[MockFunction]}
                onMouseLeave={[MockFunction]}
                onMouseOver={false}
                tag="a"
              >
                <a
                  className="ms-nav__list__item__link"
                  data-bi-id="12345"
                  data-m="{\\"id\\":\\"12345\\",\\"key1\\":\\"val1\\"}\\""
                  href="https://xyz.com"
                  onClick={[Function]}
                  onFocus={[Function]}
                  onMouseEnter={[MockFunction]}
                  onMouseLeave={[MockFunction]}
                  onMouseOver={false}
                >
                  main-menu-mock
                </a>
              </ForwardRef>
            </li>
          </ForwardRef>
          <ForwardRef
            className="ms-nav__list__item"
            key="1"
            tag="li"
          >
            <li
              className="ms-nav__list__item"
            >
              <ForwardRef
                className="ms-nav__list__item__link"
                data-bi-id="12345"
                data-m="{\\"id\\":\\"12345\\",\\"key1\\":\\"val1\\"}\\""
                href="https://xyz.com"
                key="2"
                onClick={[Function]}
                onFocus={[Function]}
                onMouseEnter={[MockFunction]}
                onMouseLeave={[MockFunction]}
                onMouseOver={false}
                tag="a"
              >
                <a
                  className="ms-nav__list__item__link"
                  data-bi-id="12345"
                  data-m="{\\"id\\":\\"12345\\",\\"key1\\":\\"val1\\"}\\""
                  href="https://xyz.com"
                  onClick={[Function]}
                  onFocus={[Function]}
                  onMouseEnter={[MockFunction]}
                  onMouseLeave={[MockFunction]}
                  onMouseOver={false}
                >
                  main-menu-mock
                </a>
              </ForwardRef>
            </li>
          </ForwardRef>
        </ul>
      </ForwardRef>
    </nav>
  </Component>
</NavigationMenuView>
`;
